2026-08-05 20:52:01 | INFO | BI | === RUN START ===
2026-08-05 20:52:01 | INFO | BI | project=BI
2026-08-05 20:52:01 | INFO | BI | repo_dir=bintel-05-storytelling
2026-08-05 20:52:01 | INFO | BI | python=3.14.6
2026-08-05 20:52:01 | INFO | BI | os=Windows 11
2026-08-05 20:52:01 | INFO | BI | shell=powershell
2026-08-05 20:52:01 | INFO | BI | cwd=.
2026-08-05 20:52:01 | INFO | BI | github_actions=False
2026-08-05 20:52:01 | INFO | BI | ========================
2026-08-05 20:52:01 | INFO | BI | START main()
2026-08-05 20:52:01 | INFO | BI | ========================
2026-08-05 20:52:01 | INFO | BI | Input reporting data from: = data\reporting\sales_reporting_case.csv
2026-08-05 20:52:01 | INFO | BI | CALL a function to load reporting-ready data........
2026-08-05 20:52:01 | INFO | BI | Loading reporting-ready data
2026-08-05 20:52:01 | INFO | BI |   Loaded 2392 reporting rows
2026-08-05 20:52:01 | INFO | BI |   Verified 14 reporting columns
2026-08-05 20:52:01 | INFO | BI | CALL a function to summarize sales by category........
2026-08-05 20:52:01 | INFO | BI | Summarizing category sales for Region = 'East'
2026-08-05 20:52:01 | INFO | BI |   Categories summarized: 4
2026-08-05 20:52:01 | INFO | BI | CALL a function to select the leading category........
2026-08-05 20:52:01 | INFO | BI |   Selected leading category for deeper analysis: Office
2026-08-05 20:52:01 | INFO | BI | CALL a function to summarize monthly sales........
2026-08-05 20:52:01 | INFO | BI | Summarizing monthly sales for Region = 'East'
2026-08-05 20:52:01 | INFO | BI | Summarizing monthly sales for Category = 'Office'
2026-08-05 20:52:01 | INFO | BI |   Months summarized: 12
2026-08-05 20:52:01 | INFO | BI | CALL a function to plot category sales........
2026-08-05 20:52:01 | INFO | BI | Creating chart: Sales by Category in East
2026-08-05 20:52:05 | INFO | BI | Saved category chart: = docs\images\storytelling_category_sales_case.png
2026-08-05 20:52:05 | INFO | BI | CALL a function to plot monthly sales........
2026-08-05 20:52:05 | INFO | BI | Creating chart: Monthly Office Sales in East
2026-08-05 20:52:06 | INFO | BI | Saved monthly chart: = docs\images\storytelling_monthly_sales_case.png
2026-08-05 20:52:06 | INFO | BI | CALL a function to identify key results........
2026-08-05 20:52:06 | INFO | BI | Identifying key results
2026-08-05 20:52:06 | INFO | BI |   Selected region: East
2026-08-05 20:52:06 | INFO | BI |   Leading category: Office
2026-08-05 20:52:06 | INFO | BI |   Leading category sales: $456,342.94
2026-08-05 20:52:06 | INFO | BI |   Strongest month: 2025-05
2026-08-05 20:52:06 | INFO | BI |   Strongest month sales: $61,229.06
2026-08-05 20:52:06 | INFO | BI | CALL a function to show charts........
2026-08-05 20:54:31 | INFO | BI | Storytelling workflow complete
2026-08-05 20:54:31 | INFO | BI | CLOSE chart windows to continue.
2026-08-05 20:54:31 | INFO | BI | Terminate this process with CTRL+c as needed.
2026-08-05 20:54:31 | INFO | BI | ========================
2026-08-05 20:54:31 | INFO | BI | Executed successfully!
2026-08-05 20:54:31 | INFO | BI | ========================
2026-08-05 21:31:51 | INFO | BI | === RUN START ===
2026-08-05 21:31:51 | INFO | BI | project=BI
2026-08-05 21:31:51 | INFO | BI | repo_dir=bintel-05-storytelling
2026-08-05 21:31:51 | INFO | BI | python=3.14.6
2026-08-05 21:31:51 | INFO | BI | os=Windows 11
2026-08-05 21:31:51 | INFO | BI | shell=powershell
2026-08-05 21:31:51 | INFO | BI | cwd=.
2026-08-05 21:31:51 | INFO | BI | github_actions=False
2026-08-05 21:31:51 | INFO | BI | ========================
2026-08-05 21:31:51 | INFO | BI | START main()
2026-08-05 21:31:51 | INFO | BI | ========================
2026-08-05 21:31:51 | INFO | BI | Input reporting data from: = data\reporting\sales_reporting_case.csv
2026-08-05 21:31:51 | INFO | BI | CALL a function to load reporting-ready data........
2026-08-05 21:31:51 | INFO | BI | Loading reporting-ready data
2026-08-05 21:31:51 | INFO | BI |   Loaded 2392 reporting rows
2026-08-05 21:31:51 | INFO | BI |   Verified 14 reporting columns
2026-08-05 21:31:51 | INFO | BI | CALL a function to summarize sales by category........
2026-08-05 21:31:51 | INFO | BI | Summarizing category sales for Region = 'East'
2026-08-05 21:31:51 | INFO | BI |   Categories summarized: 4
2026-08-05 21:31:51 | INFO | BI | CALL a function to select the leading category........
2026-08-05 21:31:51 | INFO | BI |   Selected leading category for deeper analysis: Office
2026-08-05 21:31:51 | INFO | BI | CALL a function to summarize monthly sales........
2026-08-05 21:31:51 | INFO | BI | Summarizing monthly sales for Region = 'East'
2026-08-05 21:31:51 | INFO | BI | Summarizing monthly sales for Category = 'Office'
2026-08-05 21:31:51 | INFO | BI |   Months summarized: 12
2026-08-05 21:31:51 | INFO | BI | CALL a function to plot category sales........
2026-08-05 21:31:51 | INFO | BI | Creating chart: Sales by Category in East
2026-08-05 21:31:53 | INFO | BI | Saved category chart: = docs\images\storytelling_category_sales_case.png
2026-08-05 21:31:53 | INFO | BI | CALL a function to plot monthly sales........
2026-08-05 21:31:53 | INFO | BI | Creating chart: Monthly Office Sales in East
2026-08-05 21:31:53 | INFO | BI | Saved monthly chart: = docs\images\storytelling_monthly_sales_case.png
2026-08-05 21:31:53 | INFO | BI | CALL a function to identify key results........
2026-08-05 21:31:53 | INFO | BI | Identifying key results
2026-08-05 21:31:53 | INFO | BI |   Selected region: East
2026-08-05 21:31:53 | INFO | BI |   Leading category: Office
2026-08-05 21:31:53 | INFO | BI |   Leading category sales: $456,342.94
2026-08-05 21:31:53 | INFO | BI |   Strongest month: 2025-05
2026-08-05 21:31:53 | INFO | BI |   Strongest month sales: $61,229.06
2026-08-05 21:31:53 | INFO | BI | CALL a function to show charts........
2026-08-05 21:42:00 | INFO | BI | Storytelling workflow complete
2026-08-05 21:42:00 | INFO | BI | CLOSE chart windows to continue.
2026-08-05 21:42:00 | INFO | BI | Terminate this process with CTRL+c as needed.
2026-08-05 21:42:00 | INFO | BI | ========================
2026-08-05 21:42:00 | INFO | BI | Executed successfully!
2026-08-05 21:42:00 | INFO | BI | ========================
2026-08-07 18:20:20 | INFO | BI | === RUN START ===
2026-08-07 18:20:20 | INFO | BI | project=BI
2026-08-07 18:20:20 | INFO | BI | repo_dir=bintel-05-storytelling
2026-08-07 18:20:20 | INFO | BI | python=3.14.6
2026-08-07 18:20:20 | INFO | BI | os=Windows 11
2026-08-07 18:20:20 | INFO | BI | shell=powershell
2026-08-07 18:20:20 | INFO | BI | cwd=.
2026-08-07 18:20:20 | INFO | BI | github_actions=False
2026-08-07 18:20:20 | INFO | BI | ========================
2026-08-07 18:20:20 | INFO | BI | START main()
2026-08-07 18:20:20 | INFO | BI | ========================
2026-08-07 18:20:20 | INFO | BI | Input reporting data from: = data\reporting\sales_reporting_miller.csv
2026-08-07 18:20:20 | INFO | BI | CALL a function to load reporting-ready data........
2026-08-07 18:20:20 | INFO | BI | Loading reporting-ready data
2026-08-07 18:20:20 | INFO | BI |   Loaded 2392 reporting rows
2026-08-07 18:20:20 | INFO | BI |   Verified 14 reporting columns
2026-08-07 18:20:20 | INFO | BI | CALL a function to summarize sales by category........
2026-08-07 18:20:20 | INFO | BI | Summarizing category sales for Region = 'East'
2026-08-07 18:20:20 | INFO | BI |   Categories summarized: 4
2026-08-07 18:20:20 | INFO | BI | CALL a function to select the leading category........
2026-08-07 18:20:20 | INFO | BI |   Selected leading category for deeper analysis: Office
2026-08-07 18:20:20 | INFO | BI | CALL a function to summarize monthly sales........
2026-08-07 18:20:20 | INFO | BI | Summarizing monthly sales for Region = 'East'
2026-08-07 18:20:20 | INFO | BI | Summarizing monthly sales for Category = 'Office'
2026-08-07 18:20:20 | INFO | BI |   Months summarized: 12
2026-08-07 18:20:20 | INFO | BI | CALL a function to plot category sales........
2026-08-07 18:20:20 | INFO | BI | Creating chart: Sales by Category in East
2026-08-07 18:20:22 | INFO | BI | Saved category chart: = docs\images\storytelling_category_sales_miller.png
2026-08-07 18:20:22 | INFO | BI | CALL a function to plot monthly sales........
2026-08-07 18:20:22 | INFO | BI | Creating chart: Monthly Office Sales in East
2026-08-07 18:20:23 | INFO | BI | Saved monthly chart: = docs\images\storytelling_monthly_sales_miller.png
2026-08-07 18:20:23 | INFO | BI | CALL a function to identify key results........
2026-08-07 18:20:23 | INFO | BI | Identifying key results
2026-08-07 18:20:23 | INFO | BI |   Selected region: East
2026-08-07 18:20:23 | INFO | BI |   Leading category: Office
2026-08-07 18:20:23 | INFO | BI |   Leading category sales: $456,342.94
2026-08-07 18:20:23 | INFO | BI |   Strongest month: 2025-05
2026-08-07 18:20:23 | INFO | BI |   Strongest month sales: $61,229.06
2026-08-07 18:20:23 | INFO | BI | CALL a function to show charts........
2026-08-07 18:20:28 | INFO | BI | Storytelling workflow complete
2026-08-07 18:20:28 | INFO | BI | CLOSE chart windows to continue.
2026-08-07 18:20:28 | INFO | BI | Terminate this process with CTRL+c as needed.
2026-08-07 18:20:28 | INFO | BI | ========================
2026-08-07 18:20:28 | INFO | BI | Executed successfully!
2026-08-07 18:20:28 | INFO | BI | ========================
2026-08-07 19:06:38 | INFO | BI | === RUN START ===
2026-08-07 19:06:38 | INFO | BI | project=BI
2026-08-07 19:06:38 | INFO | BI | repo_dir=bintel-05-storytelling
2026-08-07 19:06:38 | INFO | BI | python=3.14.6
2026-08-07 19:06:38 | INFO | BI | os=Windows 11
2026-08-07 19:06:38 | INFO | BI | shell=powershell
2026-08-07 19:06:38 | INFO | BI | cwd=.
2026-08-07 19:06:38 | INFO | BI | github_actions=False
2026-08-07 19:06:38 | INFO | BI | ========================
2026-08-07 19:06:38 | INFO | BI | START main()
2026-08-07 19:06:38 | INFO | BI | ========================
2026-08-07 19:06:38 | INFO | BI | Input reporting data from: = data\reporting\sales_reporting_miller.csv
2026-08-07 19:06:38 | INFO | BI | CALL a function to load reporting-ready data........
2026-08-07 19:06:38 | INFO | BI | Loading reporting-ready data
2026-08-07 19:06:38 | INFO | BI |   Loaded 2392 reporting rows
2026-08-07 19:06:38 | INFO | BI |   Verified 14 reporting columns
2026-08-07 19:06:38 | INFO | BI | CALL a function to summarize sales by category........
2026-08-07 19:06:38 | INFO | BI | Summarizing category sales for Region = 'West'
2026-08-07 19:06:39 | INFO | BI |   Categories summarized: 4
2026-08-07 19:06:39 | INFO | BI | CALL a function to select the leading category........
2026-08-07 19:06:39 | INFO | BI |   Selected leading category for deeper analysis: Office
2026-08-07 19:06:39 | INFO | BI | CALL a function to summarize monthly sales........
2026-08-07 19:06:39 | INFO | BI | Summarizing monthly sales for Region = 'West'
2026-08-07 19:06:39 | INFO | BI | Summarizing monthly sales for Category = 'Office'
2026-08-07 19:06:39 | INFO | BI |   Months summarized: 12
2026-08-07 19:06:39 | INFO | BI | CALL a function to plot category sales........
2026-08-07 19:06:39 | INFO | BI | Creating chart: Sales by Category in West
2026-08-07 19:06:43 | INFO | BI | Saved category chart: = docs\images\storytelling_category_sales_miller.png
2026-08-07 19:06:43 | INFO | BI | CALL a function to plot monthly sales........
2026-08-07 19:06:43 | INFO | BI | Creating chart: Monthly Office Sales in West
2026-08-07 19:06:45 | INFO | BI | Saved monthly chart: = docs\images\storytelling_monthly_sales_miller.png
2026-08-07 19:06:45 | INFO | BI | CALL a function to identify key results........
2026-08-07 19:06:45 | INFO | BI | Identifying key results
2026-08-07 19:06:45 | INFO | BI |   Selected region: West
2026-08-07 19:06:45 | INFO | BI |   Leading category: Office
2026-08-07 19:06:45 | INFO | BI |   Leading category sales: $156,047.48
2026-08-07 19:06:45 | INFO | BI |   Strongest month: 2025-03
2026-08-07 19:06:45 | INFO | BI |   Strongest month sales: $20,794.91
2026-08-07 19:06:45 | INFO | BI | CALL a function to show charts........
2026-08-07 19:10:14 | INFO | BI | Storytelling workflow complete
2026-08-07 19:10:14 | INFO | BI | CLOSE chart windows to continue.
2026-08-07 19:10:14 | INFO | BI | Terminate this process with CTRL+c as needed.
2026-08-07 19:10:14 | INFO | BI | ========================
2026-08-07 19:10:14 | INFO | BI | Executed successfully!
2026-08-07 19:10:14 | INFO | BI | ========================
2026-08-07 19:49:15 | INFO | BI | === RUN START ===
2026-08-07 19:49:15 | INFO | BI | project=BI
2026-08-07 19:49:15 | INFO | BI | repo_dir=bintel-05-storytelling
2026-08-07 19:49:15 | INFO | BI | python=3.14.6
2026-08-07 19:49:15 | INFO | BI | os=Windows 11
2026-08-07 19:49:15 | INFO | BI | shell=powershell
2026-08-07 19:49:15 | INFO | BI | cwd=.
2026-08-07 19:49:15 | INFO | BI | github_actions=False
2026-08-07 19:49:15 | INFO | BI | ========================
2026-08-07 19:49:15 | INFO | BI | START main()
2026-08-07 19:49:15 | INFO | BI | ========================
2026-08-07 19:49:15 | INFO | BI | Input reporting data from: = data\reporting\sales_reporting_miller.csv
2026-08-07 19:49:15 | INFO | BI | CALL a function to load reporting-ready data........
2026-08-07 19:49:15 | INFO | BI | Loading reporting-ready data
2026-08-07 19:49:15 | INFO | BI |   Loaded 2392 reporting rows
2026-08-07 19:49:15 | INFO | BI |   Verified 14 reporting columns
2026-08-07 19:49:15 | INFO | BI | CALL a function to summarize sales by category........
2026-08-07 19:49:15 | INFO | BI | Summarizing category sales for Region = 'West'
2026-08-07 19:49:15 | INFO | BI |   Categories summarized: 4
2026-08-07 19:49:15 | INFO | BI | CALL a function to select the leading category........
2026-08-07 19:49:15 | INFO | BI |   Selected leading category for deeper analysis: Office
2026-08-07 19:49:15 | INFO | BI | CALL a function to summarize monthly sales........
2026-08-07 19:49:15 | INFO | BI | Summarizing monthly sales for Region = 'West'
2026-08-07 19:49:15 | INFO | BI | Summarizing monthly sales for Category = 'Office'
2026-08-07 19:49:15 | INFO | BI |   Months summarized: 12
2026-08-07 19:49:15 | INFO | BI | CALL a function to plot category sales........
2026-08-07 19:49:15 | INFO | BI | Creating chart: Sales by Category in West
2026-08-07 19:49:18 | INFO | BI | Saved category chart: = docs\images\storytelling_category_sales_miller.png
2026-08-07 19:49:18 | INFO | BI | CALL a function to plot monthly sales........
2026-08-07 19:49:18 | INFO | BI | Creating chart: Monthly Office Sales in West
2026-08-07 19:49:18 | INFO | BI | Saved monthly chart: = docs\images\storytelling_monthly_sales_miller.png
2026-08-07 19:49:18 | INFO | BI | CALL a function to identify key results........
2026-08-07 19:49:18 | INFO | BI | Identifying key results
2026-08-07 19:49:18 | INFO | BI |   Selected region: West
2026-08-07 19:49:18 | INFO | BI |   Leading category: Office
2026-08-07 19:49:18 | INFO | BI |   Leading category sales: $156,047.48
2026-08-07 19:49:18 | INFO | BI |   Strongest month: 2025-03
2026-08-07 19:49:18 | INFO | BI |   Strongest month sales: $20,794.91
2026-08-07 19:49:18 | INFO | BI | CALL a function to show charts........
2026-08-07 19:49:30 | INFO | BI | Storytelling workflow complete
2026-08-07 19:49:30 | INFO | BI | CLOSE chart windows to continue.
2026-08-07 19:49:30 | INFO | BI | Terminate this process with CTRL+c as needed.
2026-08-07 19:49:30 | INFO | BI | ========================
2026-08-07 19:49:30 | INFO | BI | Executed successfully!
2026-08-07 19:49:30 | INFO | BI | ========================
2026-08-11 09:44:08 | INFO | BI | === RUN START ===
2026-08-11 09:44:08 | INFO | BI | project=BI
2026-08-11 09:44:08 | INFO | BI | repo_dir=bintel-05-storytelling
2026-08-11 09:44:08 | INFO | BI | python=3.14.6
2026-08-11 09:44:08 | INFO | BI | os=Windows 11
2026-08-11 09:44:08 | INFO | BI | shell=powershell
2026-08-11 09:44:08 | INFO | BI | cwd=.
2026-08-11 09:44:08 | INFO | BI | github_actions=False
2026-08-11 09:44:08 | INFO | BI | ========================
2026-08-11 09:44:08 | INFO | BI | START main()
2026-08-11 09:44:08 | INFO | BI | ========================
2026-08-11 09:44:08 | INFO | BI | Input reporting data from: = data\reporting\sales_reporting_miller.csv
2026-08-11 09:44:08 | INFO | BI | CALL a function to load reporting-ready data........
2026-08-11 09:44:08 | INFO | BI | Loading reporting-ready data
2026-08-11 09:44:08 | INFO | BI |   Loaded 2392 reporting rows
2026-08-11 09:44:08 | INFO | BI |   Verified 14 reporting columns
2026-08-11 09:44:08 | INFO | BI | CALL a function to summarize sales by category........
2026-08-11 09:44:08 | INFO | BI | Summarizing category sales for Region = 'East'
2026-08-11 09:44:08 | INFO | BI |   Categories summarized: 4
2026-08-11 09:44:08 | INFO | BI | CALL a function to select the leading category........
2026-08-11 09:44:08 | INFO | BI |   Selected leading category for deeper analysis: Office
2026-08-11 09:44:08 | INFO | BI | CALL a function to summarize monthly sales........
2026-08-11 09:44:08 | INFO | BI | Summarizing monthly sales for Region = 'East'
2026-08-11 09:44:08 | INFO | BI | Summarizing monthly sales for Category = 'Office'
2026-08-11 09:44:08 | INFO | BI |   Months summarized: 12
2026-08-11 09:44:08 | INFO | BI | CALL a function to plot category sales........
2026-08-11 09:44:08 | INFO | BI | Creating chart: Sales by Category in East
2026-08-11 09:44:09 | INFO | BI | Saved category chart: = docs\images\storytelling_category_sales_miller.png
2026-08-11 09:44:09 | INFO | BI | CALL a function to plot monthly sales........
2026-08-11 09:44:09 | INFO | BI | Creating chart: Monthly Office Sales in East
2026-08-11 09:44:10 | INFO | BI | Saved monthly chart: = docs\images\storytelling_monthly_sales_miller.png
2026-08-11 09:44:10 | INFO | BI | CALL a function to identify key results........
2026-08-11 09:44:10 | INFO | BI | Identifying key results
2026-08-11 09:44:10 | INFO | BI |   Selected region: East
2026-08-11 09:44:10 | INFO | BI |   Leading category: Office
2026-08-11 09:44:10 | INFO | BI |   Leading category sales: $456,342.94
2026-08-11 09:44:10 | INFO | BI |   Strongest month: 2025-05
2026-08-11 09:44:10 | INFO | BI |   Strongest month sales: $61,229.06
2026-08-11 09:44:10 | INFO | BI | CALL a function to show charts........
2026-08-11 09:44:23 | INFO | BI | Storytelling workflow complete
2026-08-11 09:44:23 | INFO | BI | CLOSE chart windows to continue.
2026-08-11 09:44:23 | INFO | BI | Terminate this process with CTRL+c as needed.
2026-08-11 09:44:23 | INFO | BI | ========================
2026-08-11 09:44:23 | INFO | BI | Executed successfully!
2026-08-11 09:44:23 | INFO | BI | ========================
2026-08-11 09:44:46 | INFO | BI | === RUN START ===
2026-08-11 09:44:46 | INFO | BI | project=BI
2026-08-11 09:44:46 | INFO | BI | repo_dir=bintel-05-storytelling
2026-08-11 09:44:46 | INFO | BI | python=3.14.6
2026-08-11 09:44:46 | INFO | BI | os=Windows 11
2026-08-11 09:44:46 | INFO | BI | shell=powershell
2026-08-11 09:44:46 | INFO | BI | cwd=.
2026-08-11 09:44:46 | INFO | BI | github_actions=False
2026-08-11 09:44:46 | INFO | BI | ========================
2026-08-11 09:44:46 | INFO | BI | START main()
2026-08-11 09:44:46 | INFO | BI | ========================
2026-08-11 09:44:46 | INFO | BI | Input reporting data from: = data\reporting\sales_reporting_miller.csv
2026-08-11 09:44:46 | INFO | BI | CALL a function to load reporting-ready data........
2026-08-11 09:44:46 | INFO | BI | Loading reporting-ready data
2026-08-11 09:44:46 | INFO | BI |   Loaded 2392 reporting rows
2026-08-11 09:44:46 | INFO | BI |   Verified 14 reporting columns
2026-08-11 09:44:46 | INFO | BI | CALL a function to summarize sales by category........
2026-08-11 09:44:46 | INFO | BI | Summarizing category sales for Region = 'West'
2026-08-11 09:44:46 | INFO | BI |   Categories summarized: 4
2026-08-11 09:44:46 | INFO | BI | CALL a function to select the leading category........
2026-08-11 09:44:46 | INFO | BI |   Selected leading category for deeper analysis: Office
2026-08-11 09:44:46 | INFO | BI | CALL a function to summarize monthly sales........
2026-08-11 09:44:46 | INFO | BI | Summarizing monthly sales for Region = 'West'
2026-08-11 09:44:46 | INFO | BI | Summarizing monthly sales for Category = 'Office'
2026-08-11 09:44:46 | INFO | BI |   Months summarized: 12
2026-08-11 09:44:46 | INFO | BI | CALL a function to plot category sales........
2026-08-11 09:44:46 | INFO | BI | Creating chart: Sales by Category in West
2026-08-11 09:44:47 | INFO | BI | Saved category chart: = docs\images\storytelling_category_sales_miller.png
2026-08-11 09:44:47 | INFO | BI | CALL a function to plot monthly sales........
2026-08-11 09:44:47 | INFO | BI | Creating chart: Monthly Office Sales in West
2026-08-11 09:44:47 | INFO | BI | Saved monthly chart: = docs\images\storytelling_monthly_sales_miller.png
2026-08-11 09:44:47 | INFO | BI | CALL a function to identify key results........
2026-08-11 09:44:47 | INFO | BI | Identifying key results
2026-08-11 09:44:47 | INFO | BI |   Selected region: West
2026-08-11 09:44:47 | INFO | BI |   Leading category: Office
2026-08-11 09:44:47 | INFO | BI |   Leading category sales: $156,047.48
2026-08-11 09:44:47 | INFO | BI |   Strongest month: 2025-03
2026-08-11 09:44:47 | INFO | BI |   Strongest month sales: $20,794.91
2026-08-11 09:44:47 | INFO | BI | CALL a function to show charts........
2026-08-11 09:46:22 | INFO | BI | Storytelling workflow complete
2026-08-11 09:46:22 | INFO | BI | CLOSE chart windows to continue.
2026-08-11 09:46:22 | INFO | BI | Terminate this process with CTRL+c as needed.
2026-08-11 09:46:22 | INFO | BI | ========================
2026-08-11 09:46:22 | INFO | BI | Executed successfully!
2026-08-11 09:46:22 | INFO | BI | ========================
2026-08-11 09:46:34 | INFO | BI | === RUN START ===
2026-08-11 09:46:34 | INFO | BI | project=BI
2026-08-11 09:46:34 | INFO | BI | repo_dir=bintel-05-storytelling
2026-08-11 09:46:34 | INFO | BI | python=3.14.6
2026-08-11 09:46:34 | INFO | BI | os=Windows 11
2026-08-11 09:46:34 | INFO | BI | shell=powershell
2026-08-11 09:46:34 | INFO | BI | cwd=.
2026-08-11 09:46:34 | INFO | BI | github_actions=False
2026-08-11 09:46:34 | INFO | BI | ========================
2026-08-11 09:46:34 | INFO | BI | START main()
2026-08-11 09:46:34 | INFO | BI | ========================
2026-08-11 09:46:34 | INFO | BI | Data warehouse: = artifacts\smart_sales.duckdb
2026-08-11 09:46:34 | INFO | BI | Reporting data: = data\reporting\sales_reporting_case.csv
2026-08-11 09:46:34 | INFO | BI | CALL a function to load reporting-ready data........
2026-08-11 09:46:34 | INFO | BI | Loading reporting-ready data
2026-08-11 09:46:34 | INFO | BI |   Loaded 2392 reporting rows
2026-08-11 09:46:34 | INFO | BI |   Verified 14 reporting columns
2026-08-11 09:46:34 | INFO | BI | CALL a function to summarize sales by category........
2026-08-11 09:46:34 | INFO | BI | Summarizing category sales for Region = 'East'
2026-08-11 09:46:34 | INFO | BI |   Categories summarized: 4
2026-08-11 09:46:34 | INFO | BI | CALL a function to select the leading category........
2026-08-11 09:46:34 | INFO | BI |   Selected leading category for deeper analysis: Office
2026-08-11 09:46:34 | INFO | BI | CALL a function to summarize monthly sales........
2026-08-11 09:46:34 | INFO | BI | Summarizing monthly sales for Region = 'East'
2026-08-11 09:46:34 | INFO | BI | Summarizing monthly sales for Category = 'Office'
2026-08-11 09:46:34 | INFO | BI |   Months summarized: 12
2026-08-11 09:46:34 | INFO | BI | CALL a function to plot category sales........
2026-08-11 09:46:34 | INFO | BI | Creating chart: Sales by Category in East
2026-08-11 09:46:35 | INFO | BI | Saved category chart: = docs\images\storytelling_category_sales_case.png
2026-08-11 09:46:35 | INFO | BI | CALL a function to plot monthly sales........
2026-08-11 09:46:35 | INFO | BI | Creating chart: Monthly Office Sales in East
2026-08-11 09:46:35 | INFO | BI | Saved monthly chart: = docs\images\storytelling_monthly_sales_case.png
2026-08-11 09:46:35 | INFO | BI | CALL a function to identify key results........
2026-08-11 09:46:35 | INFO | BI | Identifying key results
2026-08-11 09:46:35 | INFO | BI |   Selected region: East
2026-08-11 09:46:35 | INFO | BI |   Leading category: Office
2026-08-11 09:46:35 | INFO | BI |   Leading category sales: $456,342.94
2026-08-11 09:46:35 | INFO | BI |   Strongest month: 2025-05
2026-08-11 09:46:35 | INFO | BI |   Strongest month sales: $61,229.06
2026-08-11 09:46:35 | INFO | BI | CALL a function to show charts........
2026-08-11 09:46:41 | INFO | BI | App workflow complete
2026-08-11 09:46:41 | INFO | BI | CLOSE chart windows to continue.
2026-08-11 09:46:41 | INFO | BI | Terminate this process with CTRL+c as needed.
2026-08-11 09:46:41 | INFO | BI | ========================
2026-08-11 09:46:41 | INFO | BI | Executed successfully!
2026-08-11 09:46:41 | INFO | BI | ========================
2026-08-11 10:00:31 | INFO | BI | === RUN START ===
2026-08-11 10:00:31 | INFO | BI | project=BI
2026-08-11 10:00:31 | INFO | BI | repo_dir=bintel-05-storytelling
2026-08-11 10:00:31 | INFO | BI | python=3.14.6
2026-08-11 10:00:31 | INFO | BI | os=Windows 11
2026-08-11 10:00:31 | INFO | BI | shell=powershell
2026-08-11 10:00:31 | INFO | BI | cwd=.
2026-08-11 10:00:31 | INFO | BI | github_actions=False
2026-08-11 10:00:31 | INFO | BI | ========================
2026-08-11 10:00:31 | INFO | BI | START main()
2026-08-11 10:00:31 | INFO | BI | ========================
2026-08-11 10:00:31 | INFO | BI | Input reporting data from: = data\reporting\sales_reporting_miller.csv
2026-08-11 10:00:31 | INFO | BI | CALL a function to load reporting-ready data........
2026-08-11 10:00:31 | INFO | BI | Loading reporting-ready data
2026-08-11 10:00:32 | INFO | BI |   Loaded 2392 reporting rows
2026-08-11 10:00:32 | INFO | BI |   Verified 14 reporting columns
2026-08-11 10:00:32 | INFO | BI | CALL a function to summarize sales by category........
2026-08-11 10:00:32 | INFO | BI | Summarizing category sales for Region = 'West'
2026-08-11 10:00:32 | INFO | BI |   Categories summarized: 4
2026-08-11 10:00:32 | INFO | BI | CALL a function to select the leading category........
2026-08-11 10:00:32 | INFO | BI |   Selected leading category for deeper analysis: Office
2026-08-11 10:00:32 | INFO | BI | CALL a function to summarize monthly sales........
2026-08-11 10:00:32 | INFO | BI | Summarizing monthly sales for Region = 'West'
2026-08-11 10:00:32 | INFO | BI | Summarizing monthly sales for Category = 'Office'
2026-08-11 10:00:32 | INFO | BI |   Months summarized: 12
2026-08-11 10:00:32 | INFO | BI | CALL a function to plot category sales........
2026-08-11 10:00:32 | INFO | BI | Creating chart: Sales by Category in West
2026-08-11 10:00:33 | INFO | BI | Saved category chart: = docs\images\storytelling_category_sales_miller.png
2026-08-11 10:00:33 | INFO | BI | CALL a function to plot monthly sales........
2026-08-11 10:00:33 | INFO | BI | Creating chart: Monthly Office Sales in West
2026-08-11 10:00:33 | INFO | BI | Saved monthly chart: = docs\images\storytelling_monthly_sales_miller.png
2026-08-11 10:00:33 | INFO | BI | CALL a function to identify key results........
2026-08-11 10:00:33 | INFO | BI | Identifying key results
2026-08-11 10:00:33 | INFO | BI |   Selected region: West
2026-08-11 10:00:33 | INFO | BI |   Leading category: Office
2026-08-11 10:00:33 | INFO | BI |   Leading category sales: $156,047.48
2026-08-11 10:00:33 | INFO | BI |   Strongest month: 2025-03
2026-08-11 10:00:33 | INFO | BI |   Strongest month sales: $20,794.91
2026-08-11 10:00:33 | INFO | BI | CALL a function to show charts........
2026-08-11 10:00:58 | INFO | BI | Storytelling workflow complete
2026-08-11 10:00:58 | INFO | BI | CLOSE chart windows to continue.
2026-08-11 10:00:58 | INFO | BI | Terminate this process with CTRL+c as needed.
2026-08-11 10:00:58 | INFO | BI | ========================
2026-08-11 10:00:58 | INFO | BI | Executed successfully!
2026-08-11 10:00:58 | INFO | BI | ========================
2026-08-11 10:24:33 | INFO | BI | === RUN START ===
2026-08-11 10:24:33 | INFO | BI | project=BI
2026-08-11 10:24:33 | INFO | BI | repo_dir=bintel-05-storytelling
2026-08-11 10:24:33 | INFO | BI | python=3.14.6
2026-08-11 10:24:33 | INFO | BI | os=Windows 11
2026-08-11 10:24:33 | INFO | BI | shell=powershell
2026-08-11 10:24:33 | INFO | BI | cwd=.
2026-08-11 10:24:33 | INFO | BI | github_actions=False
2026-08-11 10:24:33 | INFO | BI | ========================
2026-08-11 10:24:33 | INFO | BI | START main()
2026-08-11 10:24:33 | INFO | BI | ========================
2026-08-11 10:24:33 | INFO | BI | Input reporting data from: = data\reporting\sales_reporting_miller.csv
2026-08-11 10:24:33 | INFO | BI | CALL a function to load reporting-ready data........
2026-08-11 10:24:33 | INFO | BI | Loading reporting-ready data
2026-08-11 10:24:34 | INFO | BI |   Loaded 2392 reporting rows
2026-08-11 10:24:34 | INFO | BI |   Verified 14 reporting columns
2026-08-11 10:24:34 | INFO | BI | CALL a function to summarize sales by category........
2026-08-11 10:24:34 | INFO | BI | Summarizing category sales for Region = 'West'
2026-08-11 10:24:34 | INFO | BI |   Categories summarized: 4
2026-08-11 10:24:34 | INFO | BI | CALL a function to select the leading category........
2026-08-11 10:24:34 | INFO | BI |   Selected leading category for deeper analysis: Office
2026-08-11 10:24:34 | INFO | BI | CALL a function to summarize monthly sales........
2026-08-11 10:24:34 | INFO | BI | Summarizing monthly sales for Region = 'West'
2026-08-11 10:24:34 | INFO | BI | Summarizing monthly sales for Category = 'Office'
2026-08-11 10:24:34 | INFO | BI |   Months summarized: 12
2026-08-11 10:24:34 | INFO | BI | CALL a function to plot category sales........
2026-08-11 10:24:34 | INFO | BI | Creating chart: Sales by Category in West
2026-08-11 10:24:34 | INFO | BI | Saved category chart: = docs\images\storytelling_category_sales_miller.png
2026-08-11 10:24:34 | INFO | BI | CALL a function to plot monthly sales........
2026-08-11 10:24:34 | INFO | BI | Creating chart: Monthly Office Sales in West
2026-08-11 10:24:35 | INFO | BI | Saved monthly chart: = docs\images\storytelling_monthly_sales_miller.png
2026-08-11 10:24:35 | INFO | BI | CALL a function to identify key results........
2026-08-11 10:24:35 | INFO | BI | Identifying key results
2026-08-11 10:24:35 | INFO | BI |   Selected region: West
2026-08-11 10:24:35 | INFO | BI |   Leading category: Office
2026-08-11 10:24:35 | INFO | BI |   Leading category sales: $156,047.48
2026-08-11 10:24:35 | INFO | BI |   Strongest month: 2025-03
2026-08-11 10:24:35 | INFO | BI |   Strongest month sales: $20,794.91
2026-08-11 10:24:35 | INFO | BI | CALL a function to show charts........
2026-08-11 10:24:41 | INFO | BI | Storytelling workflow complete
2026-08-11 10:24:41 | INFO | BI | CLOSE chart windows to continue.
2026-08-11 10:24:41 | INFO | BI | Terminate this process with CTRL+c as needed.
2026-08-11 10:24:41 | INFO | BI | ========================
2026-08-11 10:24:41 | INFO | BI | Executed successfully!
2026-08-11 10:24:41 | INFO | BI | ========================
2026-08-11 10:32:04 | INFO | BI | === RUN START ===
2026-08-11 10:32:04 | INFO | BI | project=BI
2026-08-11 10:32:04 | INFO | BI | repo_dir=bintel-05-storytelling
2026-08-11 10:32:04 | INFO | BI | python=3.14.6
2026-08-11 10:32:04 | INFO | BI | os=Windows 11
2026-08-11 10:32:04 | INFO | BI | shell=powershell
2026-08-11 10:32:04 | INFO | BI | cwd=.
2026-08-11 10:32:04 | INFO | BI | github_actions=False
2026-08-11 10:32:04 | INFO | BI | ========================
2026-08-11 10:32:04 | INFO | BI | START main()
2026-08-11 10:32:04 | INFO | BI | ========================
2026-08-11 10:32:04 | INFO | BI | Input reporting data from: = data\reporting\sales_reporting_miller.csv
2026-08-11 10:32:04 | INFO | BI | CALL a function to load reporting-ready data........
2026-08-11 10:32:04 | INFO | BI | Loading reporting-ready data
2026-08-11 10:32:04 | INFO | BI |   Loaded 2392 reporting rows
2026-08-11 10:32:04 | INFO | BI |   Verified 14 reporting columns
2026-08-11 10:32:04 | INFO | BI | CALL a function to summarize sales by category........
2026-08-11 10:32:04 | INFO | BI | Summarizing category sales for Region = 'West'
2026-08-11 10:32:04 | INFO | BI |   Categories summarized: 4
2026-08-11 10:32:04 | INFO | BI | CALL a function to select the leading category........
2026-08-11 10:32:04 | INFO | BI |   Selected leading category for deeper analysis: Office
2026-08-11 10:32:04 | INFO | BI | CALL a function to summarize monthly sales........
2026-08-11 10:32:04 | INFO | BI | Summarizing monthly sales for Region = 'West'
2026-08-11 10:32:04 | INFO | BI | Summarizing monthly sales for Category = 'Office'
2026-08-11 10:32:04 | INFO | BI |   Months summarized: 12
2026-08-11 10:32:04 | INFO | BI | CALL a function to plot category sales........
2026-08-11 10:32:04 | INFO | BI | Creating chart: Sales by Category in West
2026-08-11 10:32:05 | INFO | BI | Saved category chart: = docs\images\storytelling_category_sales_miller.png
2026-08-11 10:32:05 | INFO | BI | CALL a function to plot monthly sales........
2026-08-11 10:32:05 | INFO | BI | Creating chart: Monthly Office Sales in West
2026-08-11 10:32:05 | INFO | BI | Saved monthly chart: = docs\images\storytelling_monthly_sales_miller.png
2026-08-11 10:32:05 | INFO | BI | CALL a function to identify key results........
2026-08-11 10:32:05 | INFO | BI | Identifying key results
2026-08-11 10:32:05 | INFO | BI |   Selected region: West
2026-08-11 10:32:05 | INFO | BI |   Leading category: Office
2026-08-11 10:32:05 | INFO | BI |   Leading category sales: $156,047.48
2026-08-11 10:32:05 | INFO | BI |   Strongest month: 2025-03
2026-08-11 10:32:05 | INFO | BI |   Strongest month sales: $20,794.91
2026-08-11 10:32:05 | INFO | BI | CALL a function to show charts........
2026-08-11 10:32:09 | INFO | BI | Storytelling workflow complete
2026-08-11 10:32:09 | INFO | BI | CLOSE chart windows to continue.
2026-08-11 10:32:09 | INFO | BI | Terminate this process with CTRL+c as needed.
2026-08-11 10:32:09 | INFO | BI | ========================
2026-08-11 10:32:09 | INFO | BI | Executed successfully!
2026-08-11 10:32:09 | INFO | BI | ========================
